// Jest Snapshot v1, https://goo.gl/fbAQLP

exports[`/shared/ui/component Название 1 1`] = `
<div
  class="container"
  data-testid="Component"
>
  test
</div>
`;
